
> vite_react_shadcn_ts@0.0.0 test
> vitest --run


[7m[1m[36m RUN [39m[22m[27m [36mv1.6.1[39m [90mC:/Users/mehdi/Documents/GitHub/smp4-Vm-Manager/frontend[39m

 [32mΓ£ô[39m src/hooks/__tests__/use-toast.test.ts [2m ([22m[2m3 tests[22m[2m)[22m[90m 26[2mms[22m[39m
 [32mΓ£ô[39m src/components/ui/__tests__/button.test.tsx [2m ([22m[2m4 tests[22m[2m)[22m[90m 192[2mms[22m[39m
stderr | src/pages/__tests__/CreateInstance.test.tsx > CreateInstance Page > should render create instance heading and button
Warning: An update to CreateInstance inside a test was not wrapped in act(...).

When testing, code that causes React state updates should be wrapped into act(...):

act(() => {
  /* fire events that update state */
});
/* assert on the output */

This ensures that you're testing the behavior the user would see in the browser. Learn more at https://reactjs.org/link/wrap-tests-with-act
    at CreateInstance (C:\Users\mehdi\Documents\GitHub\smp4-Vm-Manager\frontend\src\pages\CreateInstance.tsx:20:75)
    at AllTheProviders (C:\Users\mehdi\Documents\GitHub\smp4-Vm-Manager\frontend\src\test\test-utils.tsx:5:28)
Warning: An update to CreateInstance inside a test was not wrapped in act(...).

When testing, code that causes React state updates should be wrapped into act(...):

act(() => {
  /* fire events that update state */
});
/* assert on the output */

This ensures that you're testing the behavior the user would see in the browser. Learn more at https://reactjs.org/link/wrap-tests-with-act
    at CreateInstance (C:\Users\mehdi\Documents\GitHub\smp4-Vm-Manager\frontend\src\pages\CreateInstance.tsx:20:75)
    at AllTheProviders (C:\Users\mehdi\Documents\GitHub\smp4-Vm-Manager\frontend\src\test\test-utils.tsx:5:28)

stderr | src/pages/__tests__/Auth.test.tsx > Auth Page > should validate email format
Warning: An update to Auth inside a test was not wrapped in act(...).

When testing, code that causes React state updates should be wrapped into act(...):

act(() => {
  /* fire events that update state */
});
/* assert on the output */

This ensures that you're testing the behavior the user would see in the browser. Learn more at https://reactjs.org/link/wrap-tests-with-act
    at Auth (C:\Users\mehdi\Documents\GitHub\smp4-Vm-Manager\frontend\src\pages\Auth.tsx:51:67)
    at AllTheProviders (C:\Users\mehdi\Documents\GitHub\smp4-Vm-Manager\frontend\src\test\test-utils.tsx:5:28)

stderr | src/pages/__tests__/Auth.test.tsx > Auth Page > should validate email format
Warning: An update to Auth inside a test was not wrapped in act(...).

When testing, code that causes React state updates should be wrapped into act(...):

act(() => {
  /* fire events that update state */
});
/* assert on the output */

This ensures that you're testing the behavior the user would see in the browser. Learn more at https://reactjs.org/link/wrap-tests-with-act
    at Auth (C:\Users\mehdi\Documents\GitHub\smp4-Vm-Manager\frontend\src\pages\Auth.tsx:51:67)
    at AllTheProviders (C:\Users\mehdi\Documents\GitHub\smp4-Vm-Manager\frontend\src\test\test-utils.tsx:5:28)

stderr | src/pages/__tests__/Auth.test.tsx > Auth Page > should validate email format
Warning: An update to Auth inside a test was not wrapped in act(...).

When testing, code that causes React state updates should be wrapped into act(...):

act(() => {
  /* fire events that update state */
});
/* assert on the output */

This ensures that you're testing the behavior the user would see in the browser. Learn more at https://reactjs.org/link/wrap-tests-with-act
    at Auth (C:\Users\mehdi\Documents\GitHub\smp4-Vm-Manager\frontend\src\pages\Auth.tsx:51:67)
    at AllTheProviders (C:\Users\mehdi\Documents\GitHub\smp4-Vm-Manager\frontend\src\test\test-utils.tsx:5:28)

stderr | src/pages/__tests__/Auth.test.tsx > Auth Page > should validate email format
Warning: An update to Auth inside a test was not wrapped in act(...).

When testing, code that causes React state updates should be wrapped into act(...):

act(() => {
  /* fire events that update state */
});
/* assert on the output */

This ensures that you're testing the behavior the user would see in the browser. Learn more at https://reactjs.org/link/wrap-tests-with-act
    at Auth (C:\Users\mehdi\Documents\GitHub\smp4-Vm-Manager\frontend\src\pages\Auth.tsx:51:67)
    at AllTheProviders (C:\Users\mehdi\Documents\GitHub\smp4-Vm-Manager\frontend\src\test\test-utils.tsx:5:28)

stderr | src/pages/__tests__/Auth.test.tsx > Auth Page > should validate email format
Warning: An update to Auth inside a test was not wrapped in act(...).

When testing, code that causes React state updates should be wrapped into act(...):

act(() => {
  /* fire events that update state */
});
/* assert on the output */

This ensures that you're testing the behavior the user would see in the browser. Learn more at https://reactjs.org/link/wrap-tests-with-act
    at Auth (C:\Users\mehdi\Documents\GitHub\smp4-Vm-Manager\frontend\src\pages\Auth.tsx:51:67)
    at AllTheProviders (C:\Users\mehdi\Documents\GitHub\smp4-Vm-Manager\frontend\src\test\test-utils.tsx:5:28)

stderr | src/pages/__tests__/Auth.test.tsx > Auth Page > should validate email format
Warning: An update to Auth inside a test was not wrapped in act(...).

When testing, code that causes React state updates should be wrapped into act(...):

act(() => {
  /* fire events that update state */
});
/* assert on the output */

This ensures that you're testing the behavior the user would see in the browser. Learn more at https://reactjs.org/link/wrap-tests-with-act
    at Auth (C:\Users\mehdi\Documents\GitHub\smp4-Vm-Manager\frontend\src\pages\Auth.tsx:51:67)
    at AllTheProviders (C:\Users\mehdi\Documents\GitHub\smp4-Vm-Manager\frontend\src\test\test-utils.tsx:5:28)

stderr | src/pages/__tests__/CreateInstance.test.tsx > CreateInstance Page > should submit form with valid data
Warning: An update to CreateInstance inside a test was not wrapped in act(...).

When testing, code that causes React state updates should be wrapped into act(...):

act(() => {
  /* fire events that update state */
});
/* assert on the output */

This ensures that you're testing the behavior the user would see in the browser. Learn more at https://reactjs.org/link/wrap-tests-with-act
    at CreateInstance (C:\Users\mehdi\Documents\GitHub\smp4-Vm-Manager\frontend\src\pages\CreateInstance.tsx:20:75)
    at AllTheProviders (C:\Users\mehdi\Documents\GitHub\smp4-Vm-Manager\frontend\src\test\test-utils.tsx:5:28)

stderr | src/pages/__tests__/Auth.test.tsx > Auth Page > should validate email format
Warning: An update to Auth inside a test was not wrapped in act(...).

When testing, code that causes React state updates should be wrapped into act(...):

act(() => {
  /* fire events that update state */
});
/* assert on the output */

This ensures that you're testing the behavior the user would see in the browser. Learn more at https://reactjs.org/link/wrap-tests-with-act
    at Auth (C:\Users\mehdi\Documents\GitHub\smp4-Vm-Manager\frontend\src\pages\Auth.tsx:51:67)
    at AllTheProviders (C:\Users\mehdi\Documents\GitHub\smp4-Vm-Manager\frontend\src\test\test-utils.tsx:5:28)

stderr | src/pages/__tests__/CreateInstance.test.tsx > CreateInstance Page > should submit form with valid data
Warning: An update to CreateInstance inside a test was not wrapped in act(...).

When testing, code that causes React state updates should be wrapped into act(...):

act(() => {
  /* fire events that update state */
});
/* assert on the output */

This ensures that you're testing the behavior the user would see in the browser. Learn more at https://reactjs.org/link/wrap-tests-with-act
    at CreateInstance (C:\Users\mehdi\Documents\GitHub\smp4-Vm-Manager\frontend\src\pages\CreateInstance.tsx:20:75)
    at AllTheProviders (C:\Users\mehdi\Documents\GitHub\smp4-Vm-Manager\frontend\src\test\test-utils.tsx:5:28)

stderr | src/pages/__tests__/Auth.test.tsx > Auth Page > should validate email format
Warning: An update to Auth inside a test was not wrapped in act(...).

When testing, code that causes React state updates should be wrapped into act(...):

act(() => {
  /* fire events that update state */
});
/* assert on the output */

This ensures that you're testing the behavior the user would see in the browser. Learn more at https://reactjs.org/link/wrap-tests-with-act
    at Auth (C:\Users\mehdi\Documents\GitHub\smp4-Vm-Manager\frontend\src\pages\Auth.tsx:51:67)
    at AllTheProviders (C:\Users\mehdi\Documents\GitHub\smp4-Vm-Manager\frontend\src\test\test-utils.tsx:5:28)

stderr | src/pages/__tests__/CreateInstance.test.tsx > CreateInstance Page > should submit form with valid data
Warning: An update to CreateInstance inside a test was not wrapped in act(...).

When testing, code that causes React state updates should be wrapped into act(...):

act(() => {
  /* fire events that update state */
});
/* assert on the output */

This ensures that you're testing the behavior the user would see in the browser. Learn more at https://reactjs.org/link/wrap-tests-with-act
    at CreateInstance (C:\Users\mehdi\Documents\GitHub\smp4-Vm-Manager\frontend\src\pages\CreateInstance.tsx:20:75)
    at AllTheProviders (C:\Users\mehdi\Documents\GitHub\smp4-Vm-Manager\frontend\src\test\test-utils.tsx:5:28)

stderr | src/pages/__tests__/CreateInstance.test.tsx > CreateInstance Page > should submit form with valid data
Warning: An update to CreateInstance inside a test was not wrapped in act(...).

When testing, code that causes React state updates should be wrapped into act(...):

act(() => {
  /* fire events that update state */
});
/* assert on the output */

This ensures that you're testing the behavior the user would see in the browser. Learn more at https://reactjs.org/link/wrap-tests-with-act
    at CreateInstance (C:\Users\mehdi\Documents\GitHub\smp4-Vm-Manager\frontend\src\pages\CreateInstance.tsx:20:75)
    at AllTheProviders (C:\Users\mehdi\Documents\GitHub\smp4-Vm-Manager\frontend\src\test\test-utils.tsx:5:28)

stderr | src/pages/__tests__/Auth.test.tsx > Auth Page > should validate email format
Warning: An update to Auth inside a test was not wrapped in act(...).

When testing, code that causes React state updates should be wrapped into act(...):

act(() => {
  /* fire events that update state */
});
/* assert on the output */

This ensures that you're testing the behavior the user would see in the browser. Learn more at https://reactjs.org/link/wrap-tests-with-act
    at Auth (C:\Users\mehdi\Documents\GitHub\smp4-Vm-Manager\frontend\src\pages\Auth.tsx:51:67)
    at AllTheProviders (C:\Users\mehdi\Documents\GitHub\smp4-Vm-Manager\frontend\src\test\test-utils.tsx:5:28)

stderr | src/pages/__tests__/Auth.test.tsx > Auth Page > should validate email format
Warning: An update to Auth inside a test was not wrapped in act(...).

When testing, code that causes React state updates should be wrapped into act(...):

act(() => {
  /* fire events that update state */
});
/* assert on the output */

This ensures that you're testing the behavior the user would see in the browser. Learn more at https://reactjs.org/link/wrap-tests-with-act
    at Auth (C:\Users\mehdi\Documents\GitHub\smp4-Vm-Manager\frontend\src\pages\Auth.tsx:51:67)
    at AllTheProviders (C:\Users\mehdi\Documents\GitHub\smp4-Vm-Manager\frontend\src\test\test-utils.tsx:5:28)

stderr | src/pages/__tests__/CreateInstance.test.tsx > CreateInstance Page > should submit form with valid data
Warning: An update to CreateInstance inside a test was not wrapped in act(...).

When testing, code that causes React state updates should be wrapped into act(...):

act(() => {
  /* fire events that update state */
});
/* assert on the output */

This ensures that you're testing the behavior the user would see in the browser. Learn more at https://reactjs.org/link/wrap-tests-with-act
    at CreateInstance (C:\Users\mehdi\Documents\GitHub\smp4-Vm-Manager\frontend\src\pages\CreateInstance.tsx:20:75)
    at AllTheProviders (C:\Users\mehdi\Documents\GitHub\smp4-Vm-Manager\frontend\src\test\test-utils.tsx:5:28)

stderr | src/pages/__tests__/Auth.test.tsx > Auth Page > should validate email format
Warning: An update to Auth inside a test was not wrapped in act(...).

When testing, code that causes React state updates should be wrapped into act(...):

act(() => {
  /* fire events that update state */
});
/* assert on the output */

This ensures that you're testing the behavior the user would see in the browser. Learn more at https://reactjs.org/link/wrap-tests-with-act
    at Auth (C:\Users\mehdi\Documents\GitHub\smp4-Vm-Manager\frontend\src\pages\Auth.tsx:51:67)
    at AllTheProviders (C:\Users\mehdi\Documents\GitHub\smp4-Vm-Manager\frontend\src\test\test-utils.tsx:5:28)

stderr | src/pages/__tests__/CreateInstance.test.tsx > CreateInstance Page > should submit form with valid data
Warning: An update to CreateInstance inside a test was not wrapped in act(...).

When testing, code that causes React state updates should be wrapped into act(...):

act(() => {
  /* fire events that update state */
});
/* assert on the output */

This ensures that you're testing the behavior the user would see in the browser. Learn more at https://reactjs.org/link/wrap-tests-with-act
    at CreateInstance (C:\Users\mehdi\Documents\GitHub\smp4-Vm-Manager\frontend\src\pages\CreateInstance.tsx:20:75)
    at AllTheProviders (C:\Users\mehdi\Documents\GitHub\smp4-Vm-Manager\frontend\src\test\test-utils.tsx:5:28)

stderr | src/pages/__tests__/Auth.test.tsx > Auth Page > should validate email format
Warning: An update to Auth inside a test was not wrapped in act(...).

When testing, code that causes React state updates should be wrapped into act(...):

act(() => {
  /* fire events that update state */
});
/* assert on the output */

This ensures that you're testing the behavior the user would see in the browser. Learn more at https://reactjs.org/link/wrap-tests-with-act
    at Auth (C:\Users\mehdi\Documents\GitHub\smp4-Vm-Manager\frontend\src\pages\Auth.tsx:51:67)
    at AllTheProviders (C:\Users\mehdi\Documents\GitHub\smp4-Vm-Manager\frontend\src\test\test-utils.tsx:5:28)

stderr | src/pages/__tests__/Auth.test.tsx > Auth Page > should validate email format
Warning: An update to Auth inside a test was not wrapped in act(...).

When testing, code that causes React state updates should be wrapped into act(...):

act(() => {
  /* fire events that update state */
});
/* assert on the output */

This ensures that you're testing the behavior the user would see in the browser. Learn more at https://reactjs.org/link/wrap-tests-with-act
    at Auth (C:\Users\mehdi\Documents\GitHub\smp4-Vm-Manager\frontend\src\pages\Auth.tsx:51:67)
    at AllTheProviders (C:\Users\mehdi\Documents\GitHub\smp4-Vm-Manager\frontend\src\test\test-utils.tsx:5:28)

stderr | src/pages/__tests__/CreateInstance.test.tsx > CreateInstance Page > should submit form with valid data
Warning: An update to CreateInstance inside a test was not wrapped in act(...).

When testing, code that causes React state updates should be wrapped into act(...):

act(() => {
  /* fire events that update state */
});
/* assert on the output */

This ensures that you're testing the behavior the user would see in the browser. Learn more at https://reactjs.org/link/wrap-tests-with-act
    at CreateInstance (C:\Users\mehdi\Documents\GitHub\smp4-Vm-Manager\frontend\src\pages\CreateInstance.tsx:20:75)
    at AllTheProviders (C:\Users\mehdi\Documents\GitHub\smp4-Vm-Manager\frontend\src\test\test-utils.tsx:5:28)

 [32mΓ£ô[39m src/pages/__tests__/AdminDashboard.test.tsx [2m ([22m[2m1 test[22m[2m)[22m[33m 328[2mms[22m[39m
stderr | src/pages/__tests__/CreateInstance.test.tsx > CreateInstance Page > should submit form with valid data
Warning: An update to CreateInstance inside a test was not wrapped in act(...).

When testing, code that causes React state updates should be wrapped into act(...):

act(() => {
  /* fire events that update state */
});
/* assert on the output */

This ensures that you're testing the behavior the user would see in the browser. Learn more at https://reactjs.org/link/wrap-tests-with-act
    at CreateInstance (C:\Users\mehdi\Documents\GitHub\smp4-Vm-Manager\frontend\src\pages\CreateInstance.tsx:20:75)
    at AllTheProviders (C:\Users\mehdi\Documents\GitHub\smp4-Vm-Manager\frontend\src\test\test-utils.tsx:5:28)
Warning: An update to CreateInstance inside a test was not wrapped in act(...).

When testing, code that causes React state updates should be wrapped into act(...):

act(() => {
  /* fire events that update state */
});
/* assert on the output */

This ensures that you're testing the behavior the user would see in the browser. Learn more at https://reactjs.org/link/wrap-tests-with-act
    at CreateInstance (C:\Users\mehdi\Documents\GitHub\smp4-Vm-Manager\frontend\src\pages\CreateInstance.tsx:20:75)
    at AllTheProviders (C:\Users\mehdi\Documents\GitHub\smp4-Vm-Manager\frontend\src\test\test-utils.tsx:5:28)

stderr | src/pages/__tests__/Auth.test.tsx > Auth Page > should validate email format
Warning: An update to Auth inside a test was not wrapped in act(...).

When testing, code that causes React state updates should be wrapped into act(...):

act(() => {
  /* fire events that update state */
});
/* assert on the output */

This ensures that you're testing the behavior the user would see in the browser. Learn more at https://reactjs.org/link/wrap-tests-with-act
    at Auth (C:\Users\mehdi\Documents\GitHub\smp4-Vm-Manager\frontend\src\pages\Auth.tsx:51:67)
    at AllTheProviders (C:\Users\mehdi\Documents\GitHub\smp4-Vm-Manager\frontend\src\test\test-utils.tsx:5:28)

 [32mΓ£ô[39m src/pages/__tests__/CreateInstance.test.tsx [2m ([22m[2m4 tests[22m[2m)[22m[33m 591[2mms[22m[39m
stderr | src/pages/__tests__/Auth.test.tsx > Auth Page > should validate email format
Warning: An update to Auth inside a test was not wrapped in act(...).

When testing, code that causes React state updates should be wrapped into act(...):

act(() => {
  /* fire events that update state */
});
/* assert on the output */

This ensures that you're testing the behavior the user would see in the browser. Learn more at https://reactjs.org/link/wrap-tests-with-act
    at Auth (C:\Users\mehdi\Documents\GitHub\smp4-Vm-Manager\frontend\src\pages\Auth.tsx:51:67)
    at AllTheProviders (C:\Users\mehdi\Documents\GitHub\smp4-Vm-Manager\frontend\src\test\test-utils.tsx:5:28)

stderr | src/pages/__tests__/Auth.test.tsx > Auth Page > should validate email format
Warning: An update to Auth inside a test was not wrapped in act(...).

When testing, code that causes React state updates should be wrapped into act(...):

act(() => {
  /* fire events that update state */
});
/* assert on the output */

This ensures that you're testing the behavior the user would see in the browser. Learn more at https://reactjs.org/link/wrap-tests-with-act
    at Auth (C:\Users\mehdi\Documents\GitHub\smp4-Vm-Manager\frontend\src\pages\Auth.tsx:51:67)
    at AllTheProviders (C:\Users\mehdi\Documents\GitHub\smp4-Vm-Manager\frontend\src\test\test-utils.tsx:5:28)

stderr | src/pages/__tests__/Auth.test.tsx > Auth Page > should validate email format
Warning: An update to Auth inside a test was not wrapped in act(...).

When testing, code that causes React state updates should be wrapped into act(...):

act(() => {
  /* fire events that update state */
});
/* assert on the output */

This ensures that you're testing the behavior the user would see in the browser. Learn more at https://reactjs.org/link/wrap-tests-with-act
    at Auth (C:\Users\mehdi\Documents\GitHub\smp4-Vm-Manager\frontend\src\pages\Auth.tsx:51:67)
    at AllTheProviders (C:\Users\mehdi\Documents\GitHub\smp4-Vm-Manager\frontend\src\test\test-utils.tsx:5:28)

stderr | src/pages/__tests__/Auth.test.tsx > Auth Page > should validate email format
Warning: An update to Auth inside a test was not wrapped in act(...).

When testing, code that causes React state updates should be wrapped into act(...):

act(() => {
  /* fire events that update state */
});
/* assert on the output */

This ensures that you're testing the behavior the user would see in the browser. Learn more at https://reactjs.org/link/wrap-tests-with-act
    at Auth (C:\Users\mehdi\Documents\GitHub\smp4-Vm-Manager\frontend\src\pages\Auth.tsx:51:67)
    at AllTheProviders (C:\Users\mehdi\Documents\GitHub\smp4-Vm-Manager\frontend\src\test\test-utils.tsx:5:28)

 [32mΓ£ô[39m src/pages/__tests__/Dashboard.test.tsx [2m ([22m[2m4 tests[22m[2m)[22m[33m 425[2mms[22m[39m
stderr | src/pages/__tests__/Dashboard.test.tsx > Dashboard Page > should show loading message initially
Warning: An update to Dashboard inside a test was not wrapped in act(...).

When testing, code that causes React state updates should be wrapped into act(...):

act(() => {
  /* fire events that update state */
});
/* assert on the output */

This ensures that you're testing the behavior the user would see in the browser. Learn more at https://reactjs.org/link/wrap-tests-with-act
    at Dashboard (C:\Users\mehdi\Documents\GitHub\smp4-Vm-Manager\frontend\src\pages\Dashboard.tsx:45:61)
    at AllTheProviders (C:\Users\mehdi\Documents\GitHub\smp4-Vm-Manager\frontend\src\test\test-utils.tsx:5:28)
Warning: An update to Dashboard inside a test was not wrapped in act(...).

When testing, code that causes React state updates should be wrapped into act(...):

act(() => {
  /* fire events that update state */
});
/* assert on the output */

This ensures that you're testing the behavior the user would see in the browser. Learn more at https://reactjs.org/link/wrap-tests-with-act
    at Dashboard (C:\Users\mehdi\Documents\GitHub\smp4-Vm-Manager\frontend\src\pages\Dashboard.tsx:45:61)
    at AllTheProviders (C:\Users\mehdi\Documents\GitHub\smp4-Vm-Manager\frontend\src\test\test-utils.tsx:5:28)
Warning: An update to Dashboard inside a test was not wrapped in act(...).

When testing, code that causes React state updates should be wrapped into act(...):

act(() => {
  /* fire events that update state */
});
/* assert on the output */

This ensures that you're testing the behavior the user would see in the browser. Learn more at https://reactjs.org/link/wrap-tests-with-act
    at Dashboard (C:\Users\mehdi\Documents\GitHub\smp4-Vm-Manager\frontend\src\pages\Dashboard.tsx:45:61)
    at AllTheProviders (C:\Users\mehdi\Documents\GitHub\smp4-Vm-Manager\frontend\src\test\test-utils.tsx:5:28)
Warning: An update to Dashboard inside a test was not wrapped in act(...).

When testing, code that causes React state updates should be wrapped into act(...):

act(() => {
  /* fire events that update state */
});
/* assert on the output */

This ensures that you're testing the behavior the user would see in the browser. Learn more at https://reactjs.org/link/wrap-tests-with-act
    at Dashboard (C:\Users\mehdi\Documents\GitHub\smp4-Vm-Manager\frontend\src\pages\Dashboard.tsx:45:61)
    at AllTheProviders (C:\Users\mehdi\Documents\GitHub\smp4-Vm-Manager\frontend\src\test\test-utils.tsx:5:28)
Warning: An update to Dashboard inside a test was not wrapped in act(...).

When testing, code that causes React state updates should be wrapped into act(...):

act(() => {
  /* fire events that update state */
});
/* assert on the output */

This ensures that you're testing the behavior the user would see in the browser. Learn more at https://reactjs.org/link/wrap-tests-with-act
    at Dashboard (C:\Users\mehdi\Documents\GitHub\smp4-Vm-Manager\frontend\src\pages\Dashboard.tsx:45:61)
    at AllTheProviders (C:\Users\mehdi\Documents\GitHub\smp4-Vm-Manager\frontend\src\test\test-utils.tsx:5:28)
Warning: An update to Dashboard inside a test was not wrapped in act(...).

When testing, code that causes React state updates should be wrapped into act(...):

act(() => {
  /* fire events that update state */
});
/* assert on the output */

This ensures that you're testing the behavior the user would see in the browser. Learn more at https://reactjs.org/link/wrap-tests-with-act
    at Dashboard (C:\Users\mehdi\Documents\GitHub\smp4-Vm-Manager\frontend\src\pages\Dashboard.tsx:45:61)
    at AllTheProviders (C:\Users\mehdi\Documents\GitHub\smp4-Vm-Manager\frontend\src\test\test-utils.tsx:5:28)
Warning: An update to Dashboard inside a test was not wrapped in act(...).

When testing, code that causes React state updates should be wrapped into act(...):

act(() => {
  /* fire events that update state */
});
/* assert on the output */

This ensures that you're testing the behavior the user would see in the browser. Learn more at https://reactjs.org/link/wrap-tests-with-act
    at Dashboard (C:\Users\mehdi\Documents\GitHub\smp4-Vm-Manager\frontend\src\pages\Dashboard.tsx:45:61)
    at AllTheProviders (C:\Users\mehdi\Documents\GitHub\smp4-Vm-Manager\frontend\src\test\test-utils.tsx:5:28)
Warning: An update to Dashboard inside a test was not wrapped in act(...).

When testing, code that causes React state updates should be wrapped into act(...):

act(() => {
  /* fire events that update state */
});
/* assert on the output */

This ensures that you're testing the behavior the user would see in the browser. Learn more at https://reactjs.org/link/wrap-tests-with-act
    at Dashboard (C:\Users\mehdi\Documents\GitHub\smp4-Vm-Manager\frontend\src\pages\Dashboard.tsx:45:61)
    at AllTheProviders (C:\Users\mehdi\Documents\GitHub\smp4-Vm-Manager\frontend\src\test\test-utils.tsx:5:28)

stderr | src/pages/__tests__/Auth.test.tsx > Auth Page > should validate email format
Warning: An update to Auth inside a test was not wrapped in act(...).

When testing, code that causes React state updates should be wrapped into act(...):

act(() => {
  /* fire events that update state */
});
/* assert on the output */

This ensures that you're testing the behavior the user would see in the browser. Learn more at https://reactjs.org/link/wrap-tests-with-act
    at Auth (C:\Users\mehdi\Documents\GitHub\smp4-Vm-Manager\frontend\src\pages\Auth.tsx:51:67)
    at AllTheProviders (C:\Users\mehdi\Documents\GitHub\smp4-Vm-Manager\frontend\src\test\test-utils.tsx:5:28)

stderr | src/pages/__tests__/Auth.test.tsx > Auth Page > should validate email format
Warning: An update to Auth inside a test was not wrapped in act(...).

When testing, code that causes React state updates should be wrapped into act(...):

act(() => {
  /* fire events that update state */
});
/* assert on the output */

This ensures that you're testing the behavior the user would see in the browser. Learn more at https://reactjs.org/link/wrap-tests-with-act
    at Auth (C:\Users\mehdi\Documents\GitHub\smp4-Vm-Manager\frontend\src\pages\Auth.tsx:51:67)
    at AllTheProviders (C:\Users\mehdi\Documents\GitHub\smp4-Vm-Manager\frontend\src\test\test-utils.tsx:5:28)

stderr | src/pages/__tests__/Auth.test.tsx > Auth Page > should validate email format
Warning: An update to Auth inside a test was not wrapped in act(...).

When testing, code that causes React state updates should be wrapped into act(...):

act(() => {
  /* fire events that update state */
});
/* assert on the output */

This ensures that you're testing the behavior the user would see in the browser. Learn more at https://reactjs.org/link/wrap-tests-with-act
    at Auth (C:\Users\mehdi\Documents\GitHub\smp4-Vm-Manager\frontend\src\pages\Auth.tsx:51:67)
    at AllTheProviders (C:\Users\mehdi\Documents\GitHub\smp4-Vm-Manager\frontend\src\test\test-utils.tsx:5:28)

stderr | src/pages/__tests__/Auth.test.tsx > Auth Page > should validate email format
Warning: An update to Auth inside a test was not wrapped in act(...).

When testing, code that causes React state updates should be wrapped into act(...):

act(() => {
  /* fire events that update state */
});
/* assert on the output */

This ensures that you're testing the behavior the user would see in the browser. Learn more at https://reactjs.org/link/wrap-tests-with-act
    at Auth (C:\Users\mehdi\Documents\GitHub\smp4-Vm-Manager\frontend\src\pages\Auth.tsx:51:67)
    at AllTheProviders (C:\Users\mehdi\Documents\GitHub\smp4-Vm-Manager\frontend\src\test\test-utils.tsx:5:28)

stderr | src/pages/__tests__/Auth.test.tsx > Auth Page > should validate password minimum length
Warning: An update to Auth inside a test was not wrapped in act(...).

When testing, code that causes React state updates should be wrapped into act(...):

act(() => {
  /* fire events that update state */
});
/* assert on the output */

This ensures that you're testing the behavior the user would see in the browser. Learn more at https://reactjs.org/link/wrap-tests-with-act
    at Auth (C:\Users\mehdi\Documents\GitHub\smp4-Vm-Manager\frontend\src\pages\Auth.tsx:51:67)
    at AllTheProviders (C:\Users\mehdi\Documents\GitHub\smp4-Vm-Manager\frontend\src\test\test-utils.tsx:5:28)

stderr | src/pages/__tests__/Auth.test.tsx > Auth Page > should validate password minimum length
Warning: An update to Auth inside a test was not wrapped in act(...).

When testing, code that causes React state updates should be wrapped into act(...):

act(() => {
  /* fire events that update state */
});
/* assert on the output */

This ensures that you're testing the behavior the user would see in the browser. Learn more at https://reactjs.org/link/wrap-tests-with-act
    at Auth (C:\Users\mehdi\Documents\GitHub\smp4-Vm-Manager\frontend\src\pages\Auth.tsx:51:67)
    at AllTheProviders (C:\Users\mehdi\Documents\GitHub\smp4-Vm-Manager\frontend\src\test\test-utils.tsx:5:28)

stderr | src/pages/__tests__/Auth.test.tsx > Auth Page > should validate password minimum length
Warning: An update to Auth inside a test was not wrapped in act(...).

When testing, code that causes React state updates should be wrapped into act(...):

act(() => {
  /* fire events that update state */
});
/* assert on the output */

This ensures that you're testing the behavior the user would see in the browser. Learn more at https://reactjs.org/link/wrap-tests-with-act
    at Auth (C:\Users\mehdi\Documents\GitHub\smp4-Vm-Manager\frontend\src\pages\Auth.tsx:51:67)
    at AllTheProviders (C:\Users\mehdi\Documents\GitHub\smp4-Vm-Manager\frontend\src\test\test-utils.tsx:5:28)

stderr | src/pages/__tests__/Auth.test.tsx > Auth Page > should validate password minimum length
Warning: An update to Auth inside a test was not wrapped in act(...).

When testing, code that causes React state updates should be wrapped into act(...):

act(() => {
  /* fire events that update state */
});
/* assert on the output */

This ensures that you're testing the behavior the user would see in the browser. Learn more at https://reactjs.org/link/wrap-tests-with-act
    at Auth (C:\Users\mehdi\Documents\GitHub\smp4-Vm-Manager\frontend\src\pages\Auth.tsx:51:67)
    at AllTheProviders (C:\Users\mehdi\Documents\GitHub\smp4-Vm-Manager\frontend\src\test\test-utils.tsx:5:28)

stderr | src/pages/__tests__/Auth.test.tsx > Auth Page > should validate password minimum length
Warning: An update to Auth inside a test was not wrapped in act(...).

When testing, code that causes React state updates should be wrapped into act(...):

act(() => {
  /* fire events that update state */
});
/* assert on the output */

This ensures that you're testing the behavior the user would see in the browser. Learn more at https://reactjs.org/link/wrap-tests-with-act
    at Auth (C:\Users\mehdi\Documents\GitHub\smp4-Vm-Manager\frontend\src\pages\Auth.tsx:51:67)
    at AllTheProviders (C:\Users\mehdi\Documents\GitHub\smp4-Vm-Manager\frontend\src\test\test-utils.tsx:5:28)

stderr | src/pages/__tests__/Auth.test.tsx > Auth Page > should validate password minimum length
Warning: An update to Auth inside a test was not wrapped in act(...).

When testing, code that causes React state updates should be wrapped into act(...):

act(() => {
  /* fire events that update state */
});
/* assert on the output */

This ensures that you're testing the behavior the user would see in the browser. Learn more at https://reactjs.org/link/wrap-tests-with-act
    at Auth (C:\Users\mehdi\Documents\GitHub\smp4-Vm-Manager\frontend\src\pages\Auth.tsx:51:67)
    at AllTheProviders (C:\Users\mehdi\Documents\GitHub\smp4-Vm-Manager\frontend\src\test\test-utils.tsx:5:28)

stderr | src/pages/__tests__/Auth.test.tsx > Auth Page > should validate password minimum length
Warning: An update to Auth inside a test was not wrapped in act(...).

When testing, code that causes React state updates should be wrapped into act(...):

act(() => {
  /* fire events that update state */
});
/* assert on the output */

This ensures that you're testing the behavior the user would see in the browser. Learn more at https://reactjs.org/link/wrap-tests-with-act
    at Auth (C:\Users\mehdi\Documents\GitHub\smp4-Vm-Manager\frontend\src\pages\Auth.tsx:51:67)
    at AllTheProviders (C:\Users\mehdi\Documents\GitHub\smp4-Vm-Manager\frontend\src\test\test-utils.tsx:5:28)

stderr | src/pages/__tests__/Auth.test.tsx > Auth Page > should validate password minimum length
Warning: An update to Auth inside a test was not wrapped in act(...).

When testing, code that causes React state updates should be wrapped into act(...):

act(() => {
  /* fire events that update state */
});
/* assert on the output */

This ensures that you're testing the behavior the user would see in the browser. Learn more at https://reactjs.org/link/wrap-tests-with-act
    at Auth (C:\Users\mehdi\Documents\GitHub\smp4-Vm-Manager\frontend\src\pages\Auth.tsx:51:67)
    at AllTheProviders (C:\Users\mehdi\Documents\GitHub\smp4-Vm-Manager\frontend\src\test\test-utils.tsx:5:28)

stderr | src/pages/__tests__/Auth.test.tsx > Auth Page > should validate password minimum length
Warning: An update to Auth inside a test was not wrapped in act(...).

When testing, code that causes React state updates should be wrapped into act(...):

act(() => {
  /* fire events that update state */
});
/* assert on the output */

This ensures that you're testing the behavior the user would see in the browser. Learn more at https://reactjs.org/link/wrap-tests-with-act
    at Auth (C:\Users\mehdi\Documents\GitHub\smp4-Vm-Manager\frontend\src\pages\Auth.tsx:51:67)
    at AllTheProviders (C:\Users\mehdi\Documents\GitHub\smp4-Vm-Manager\frontend\src\test\test-utils.tsx:5:28)

stderr | src/pages/__tests__/Auth.test.tsx > Auth Page > should validate password minimum length
Warning: An update to Auth inside a test was not wrapped in act(...).

When testing, code that causes React state updates should be wrapped into act(...):

act(() => {
  /* fire events that update state */
});
/* assert on the output */

This ensures that you're testing the behavior the user would see in the browser. Learn more at https://reactjs.org/link/wrap-tests-with-act
    at Auth (C:\Users\mehdi\Documents\GitHub\smp4-Vm-Manager\frontend\src\pages\Auth.tsx:51:67)
    at AllTheProviders (C:\Users\mehdi\Documents\GitHub\smp4-Vm-Manager\frontend\src\test\test-utils.tsx:5:28)

stderr | src/pages/__tests__/Auth.test.tsx > Auth Page > should validate password minimum length
Warning: An update to Auth inside a test was not wrapped in act(...).

When testing, code that causes React state updates should be wrapped into act(...):

act(() => {
  /* fire events that update state */
});
/* assert on the output */

This ensures that you're testing the behavior the user would see in the browser. Learn more at https://reactjs.org/link/wrap-tests-with-act
    at Auth (C:\Users\mehdi\Documents\GitHub\smp4-Vm-Manager\frontend\src\pages\Auth.tsx:51:67)
    at AllTheProviders (C:\Users\mehdi\Documents\GitHub\smp4-Vm-Manager\frontend\src\test\test-utils.tsx:5:28)

stderr | src/pages/__tests__/Auth.test.tsx > Auth Page > should validate password minimum length
Warning: An update to Auth inside a test was not wrapped in act(...).

When testing, code that causes React state updates should be wrapped into act(...):

act(() => {
  /* fire events that update state */
});
/* assert on the output */

This ensures that you're testing the behavior the user would see in the browser. Learn more at https://reactjs.org/link/wrap-tests-with-act
    at Auth (C:\Users\mehdi\Documents\GitHub\smp4-Vm-Manager\frontend\src\pages\Auth.tsx:51:67)
    at AllTheProviders (C:\Users\mehdi\Documents\GitHub\smp4-Vm-Manager\frontend\src\test\test-utils.tsx:5:28)

stderr | src/pages/__tests__/Auth.test.tsx > Auth Page > should validate password minimum length
Warning: An update to Auth inside a test was not wrapped in act(...).

When testing, code that causes React state updates should be wrapped into act(...):

act(() => {
  /* fire events that update state */
});
/* assert on the output */

This ensures that you're testing the behavior the user would see in the browser. Learn more at https://reactjs.org/link/wrap-tests-with-act
    at Auth (C:\Users\mehdi\Documents\GitHub\smp4-Vm-Manager\frontend\src\pages\Auth.tsx:51:67)
    at AllTheProviders (C:\Users\mehdi\Documents\GitHub\smp4-Vm-Manager\frontend\src\test\test-utils.tsx:5:28)

stderr | src/pages/__tests__/Auth.test.tsx > Auth Page > should validate password minimum length
Warning: An update to Auth inside a test was not wrapped in act(...).

When testing, code that causes React state updates should be wrapped into act(...):

act(() => {
  /* fire events that update state */
});
/* assert on the output */

This ensures that you're testing the behavior the user would see in the browser. Learn more at https://reactjs.org/link/wrap-tests-with-act
    at Auth (C:\Users\mehdi\Documents\GitHub\smp4-Vm-Manager\frontend\src\pages\Auth.tsx:51:67)
    at AllTheProviders (C:\Users\mehdi\Documents\GitHub\smp4-Vm-Manager\frontend\src\test\test-utils.tsx:5:28)

stderr | src/pages/__tests__/Auth.test.tsx > Auth Page > should validate password minimum length
Warning: An update to Auth inside a test was not wrapped in act(...).

When testing, code that causes React state updates should be wrapped into act(...):

act(() => {
  /* fire events that update state */
});
/* assert on the output */

This ensures that you're testing the behavior the user would see in the browser. Learn more at https://reactjs.org/link/wrap-tests-with-act
    at Auth (C:\Users\mehdi\Documents\GitHub\smp4-Vm-Manager\frontend\src\pages\Auth.tsx:51:67)
    at AllTheProviders (C:\Users\mehdi\Documents\GitHub\smp4-Vm-Manager\frontend\src\test\test-utils.tsx:5:28)

stderr | src/pages/__tests__/Auth.test.tsx > Auth Page > should validate password minimum length
Warning: An update to Auth inside a test was not wrapped in act(...).

When testing, code that causes React state updates should be wrapped into act(...):

act(() => {
  /* fire events that update state */
});
/* assert on the output */

This ensures that you're testing the behavior the user would see in the browser. Learn more at https://reactjs.org/link/wrap-tests-with-act
    at Auth (C:\Users\mehdi\Documents\GitHub\smp4-Vm-Manager\frontend\src\pages\Auth.tsx:51:67)
    at AllTheProviders (C:\Users\mehdi\Documents\GitHub\smp4-Vm-Manager\frontend\src\test\test-utils.tsx:5:28)

 [33mΓ¥»[39m src/pages/__tests__/InstanceDetails.test.tsx [2m ([22m[2m0 test[22m[2m)[22m
stderr | src/pages/__tests__/Auth.test.tsx > Auth Page > should validate password minimum length
Warning: An update to Auth inside a test was not wrapped in act(...).

When testing, code that causes React state updates should be wrapped into act(...):

act(() => {
  /* fire events that update state */
});
/* assert on the output */

This ensures that you're testing the behavior the user would see in the browser. Learn more at https://reactjs.org/link/wrap-tests-with-act
    at Auth (C:\Users\mehdi\Documents\GitHub\smp4-Vm-Manager\frontend\src\pages\Auth.tsx:51:67)
    at AllTheProviders (C:\Users\mehdi\Documents\GitHub\smp4-Vm-Manager\frontend\src\test\test-utils.tsx:5:28)

stderr | src/pages/__tests__/Auth.test.tsx > Auth Page > should validate password minimum length
Warning: An update to Auth inside a test was not wrapped in act(...).

When testing, code that causes React state updates should be wrapped into act(...):

act(() => {
  /* fire events that update state */
});
/* assert on the output */

This ensures that you're testing the behavior the user would see in the browser. Learn more at https://reactjs.org/link/wrap-tests-with-act
    at Auth (C:\Users\mehdi\Documents\GitHub\smp4-Vm-Manager\frontend\src\pages\Auth.tsx:51:67)
    at AllTheProviders (C:\Users\mehdi\Documents\GitHub\smp4-Vm-Manager\frontend\src\test\test-utils.tsx:5:28)

stderr | src/pages/__tests__/Auth.test.tsx > Auth Page > should validate password minimum length
Warning: An update to Auth inside a test was not wrapped in act(...).

When testing, code that causes React state updates should be wrapped into act(...):

act(() => {
  /* fire events that update state */
});
/* assert on the output */

This ensures that you're testing the behavior the user would see in the browser. Learn more at https://reactjs.org/link/wrap-tests-with-act
    at Auth (C:\Users\mehdi\Documents\GitHub\smp4-Vm-Manager\frontend\src\pages\Auth.tsx:51:67)
    at AllTheProviders (C:\Users\mehdi\Documents\GitHub\smp4-Vm-Manager\frontend\src\test\test-utils.tsx:5:28)

stderr | src/pages/__tests__/Auth.test.tsx > Auth Page > should validate password minimum length
Warning: An update to Auth inside a test was not wrapped in act(...).

When testing, code that causes React state updates should be wrapped into act(...):

act(() => {
  /* fire events that update state */
});
/* assert on the output */

This ensures that you're testing the behavior the user would see in the browser. Learn more at https://reactjs.org/link/wrap-tests-with-act
    at Auth (C:\Users\mehdi\Documents\GitHub\smp4-Vm-Manager\frontend\src\pages\Auth.tsx:51:67)
    at AllTheProviders (C:\Users\mehdi\Documents\GitHub\smp4-Vm-Manager\frontend\src\test\test-utils.tsx:5:28)
Warning: An update to Auth inside a test was not wrapped in act(...).

When testing, code that causes React state updates should be wrapped into act(...):

act(() => {
  /* fire events that update state */
});
/* assert on the output */

This ensures that you're testing the behavior the user would see in the browser. Learn more at https://reactjs.org/link/wrap-tests-with-act
    at Auth (C:\Users\mehdi\Documents\GitHub\smp4-Vm-Manager\frontend\src\pages\Auth.tsx:51:67)
    at AllTheProviders (C:\Users\mehdi\Documents\GitHub\smp4-Vm-Manager\frontend\src\test\test-utils.tsx:5:28)

 [32mΓ£ô[39m src/pages/__tests__/Auth.test.tsx [2m ([22m[2m4 tests[22m[2m)[22m[33m 1123[2mms[22m[39m

ΓÄ»ΓÄ»ΓÄ»ΓÄ»ΓÄ»ΓÄ» Failed Suites 1 ΓÄ»ΓÄ»ΓÄ»ΓÄ»ΓÄ»ΓÄ»ΓÄ»

 FAIL  src/pages/__tests__/InstanceDetails.test.tsx [ src/pages/__tests__/InstanceDetails.test.tsx ]
TypeError: t.createLinearGradient is not a function
 Γ¥» node_modules/xterm/lib/webpack:/xterm/src/common/Color.ts:125:27
 Γ¥» Object.call node_modules/xterm/lib/webpack:/xterm/src/common/Color.ts:112:1
 Γ¥» i node_modules/xterm/lib/webpack:/xterm/webpack/bootstrap:19:32
 Γ¥» Object.call node_modules/xterm/lib/webpack:/xterm/src/browser/renderer/dom/DomRendererRowFactory.ts:11:1
 Γ¥» i node_modules/xterm/lib/webpack:/xterm/webpack/bootstrap:19:32
 Γ¥» Object.call node_modules/xterm/lib/webpack:/xterm/src/browser/renderer/dom/DomRenderer.ts:6:1
 Γ¥» i node_modules/xterm/lib/webpack:/xterm/webpack/bootstrap:19:32
 Γ¥» Object.call node_modules/xterm/lib/webpack:/xterm/src/browser/Terminal.ts:34:1
 Γ¥» i node_modules/xterm/lib/webpack:/xterm/webpack/bootstrap:19:32
 Γ¥» node_modules/xterm/lib/webpack:/xterm/src/browser/public/Terminal.ts:7:1

ΓÄ»ΓÄ»ΓÄ»ΓÄ»ΓÄ»ΓÄ»ΓÄ»ΓÄ»ΓÄ»ΓÄ»ΓÄ»ΓÄ»ΓÄ»ΓÄ»ΓÄ»ΓÄ»ΓÄ»ΓÄ»ΓÄ»ΓÄ»ΓÄ»ΓÄ»ΓÄ»ΓÄ»[1/1]ΓÄ»

[2m Test Files [22m [1m[31m1 failed[39m[22m[2m | [22m[1m[32m6 passed[39m[22m[90m (7)[39m
[2m      Tests [22m [1m[32m20 passed[39m[22m[90m (20)[39m
[2m   Start at [22m 22:21:21
[2m   Duration [22m 5.33s[2m (transform 1.08s, setup 2.29s, collect 6.04s, tests 2.69s, environment 10.16s, prepare 2.89s)[22m

