FAIL __tests__/integration/adminRoutes.test.js
  Admin Routes
    GET /api/admin/users
      ΓêÜ should return all users (41 ms)
    PUT /api/admin/users/:id
      ├ù should update user (69 ms)
    DELETE /api/admin/users/:id
      ├ù should delete user (12 ms)
    GET /api/admin/instances
      ΓêÜ should return instances (7 ms)

  ΓùÅ Admin Routes ΓÇ║ PUT /api/admin/users/:id ΓÇ║ should update user

    expect(received).toBe(expected) // Object.is equality

    Expected: 200
    Received: 500

      63 |                 .send({ points: 500 });
      64 |
    > 65 |             expect(res.status).toBe(200);
         |                                ^
      66 |             expect(prisma.user.update).toHaveBeenCalled();
      67 |         });
      68 |     });

      at Object.toBe (__tests__/integration/adminRoutes.test.js:65:32)

  ΓùÅ Admin Routes ΓÇ║ DELETE /api/admin/users/:id ΓÇ║ should delete user

    expect(received).toBe(expected) // Object.is equality

    Expected: 200
    Received: 500

      75 |
      76 |             const res = await request(app).delete('/api/admin/users/2');
    > 77 |             expect(res.status).toBe(200);
         |                                ^
      78 |         });
      79 |     });
      80 |

      at Object.toBe (__tests__/integration/adminRoutes.test.js:77:32)

Test Suites: 1 failed, 1 total
Tests:       2 failed, 2 passed, 4 total
Snapshots:   0 total
Time:        1.701 s, estimated 3 s
Ran all test suites matching /__tests__\\integration\\adminRoutes.test.js/i.
